MPLINK 5.08, LINKER
Linker Map File - Created Fri May 28 22:35:13 2021

                                 Section Info
                  Section       Type    Address   Location Size(Bytes)
                ---------  ---------  ---------  ---------  ---------
                 RES_VECT       code   0x000000    program   0x000002
                   .cinit    romdata   0x000001    program   0x000004
                MAIN_PROG       code   0x000003    program   0x000028
.config_2007_BUILD/DEFAULT/DEBUG/MAIN.O       code   0x002007    program   0x000002
.config_2008_BUILD/DEFAULT/DEBUG/MAIN.O       code   0x002008    program   0x000002
                   .udata      udata   0x000020       data   0x000001



                              Program Memory Usage 
                               Start         End      
                           ---------   ---------      
                            0x000000    0x000016      
                            0x002007    0x002008      
            25 out of 8455 program addresses used, program memory utilization is 0%



                              Symbols - Sorted by Name
                     Name    Address   Location    Storage File                     
                ---------  ---------  ---------  --------- ---------                
                 DELAY_40   0x000014    program     static C:\Users\EYanN\Downloads\EduardoYanLab1.X\main.asm
                     LOOP   0x00000b    program     static C:\Users\EYanN\Downloads\EduardoYanLab1.X\main.asm
                    START   0x000003    program     static C:\Users\EYanN\Downloads\EduardoYanLab1.X\main.asm
                    DELAY   0x000020       data     static C:\Users\EYanN\Downloads\EduardoYanLab1.X\main.asm



                              Symbols - Sorted by Address
                     Name    Address   Location    Storage File                     
                ---------  ---------  ---------  --------- ---------                
                    START   0x000003    program     static C:\Users\EYanN\Downloads\EduardoYanLab1.X\main.asm
                     LOOP   0x00000b    program     static C:\Users\EYanN\Downloads\EduardoYanLab1.X\main.asm
                 DELAY_40   0x000014    program     static C:\Users\EYanN\Downloads\EduardoYanLab1.X\main.asm
                    DELAY   0x000020       data     static C:\Users\EYanN\Downloads\EduardoYanLab1.X\main.asm


